Archive member included to satisfy reference by file (symbol)

c:/ac6/systemworkbench/plugins/fr.ac6.mcu.externaltools.arm-none.win32_1.17.0.201812190825/tools/compiler/bin/../lib/gcc/arm-none-eabi/7.3.1/thumb/v6-m\libgcc.a(_udivsi3.o)
                              StdPeriph_Driver/src/stm32f0xx_rcc.o (__aeabi_uidiv)
c:/ac6/systemworkbench/plugins/fr.ac6.mcu.externaltools.arm-none.win32_1.17.0.201812190825/tools/compiler/bin/../lib/gcc/arm-none-eabi/7.3.1/thumb/v6-m\libgcc.a(_dvmd_tls.o)
                              c:/ac6/systemworkbench/plugins/fr.ac6.mcu.externaltools.arm-none.win32_1.17.0.201812190825/tools/compiler/bin/../lib/gcc/arm-none-eabi/7.3.1/thumb/v6-m\libgcc.a(_udivsi3.o) (__aeabi_idiv0)
c:/ac6/systemworkbench/plugins/fr.ac6.mcu.externaltools.arm-none.win32_1.17.0.201812190825/tools/compiler/bin/../lib/gcc/arm-none-eabi/7.3.1/../../../../arm-none-eabi/lib/thumb/v6-m\libc.a(lib_a-errno.o)
                              src/syscalls.o (__errno)
c:/ac6/systemworkbench/plugins/fr.ac6.mcu.externaltools.arm-none.win32_1.17.0.201812190825/tools/compiler/bin/../lib/gcc/arm-none-eabi/7.3.1/../../../../arm-none-eabi/lib/thumb/v6-m\libc.a(lib_a-exit.o)
                              c:/ac6/systemworkbench/plugins/fr.ac6.mcu.externaltools.arm-none.win32_1.17.0.201812190825/tools/compiler/bin/../lib/gcc/arm-none-eabi/7.3.1/../../../../arm-none-eabi/lib/thumb/v6-m/crt0.o (exit)
c:/ac6/systemworkbench/plugins/fr.ac6.mcu.externaltools.arm-none.win32_1.17.0.201812190825/tools/compiler/bin/../lib/gcc/arm-none-eabi/7.3.1/../../../../arm-none-eabi/lib/thumb/v6-m\libc.a(lib_a-impure.o)
                              c:/ac6/systemworkbench/plugins/fr.ac6.mcu.externaltools.arm-none.win32_1.17.0.201812190825/tools/compiler/bin/../lib/gcc/arm-none-eabi/7.3.1/../../../../arm-none-eabi/lib/thumb/v6-m\libc.a(lib_a-exit.o) (_global_impure_ptr)
c:/ac6/systemworkbench/plugins/fr.ac6.mcu.externaltools.arm-none.win32_1.17.0.201812190825/tools/compiler/bin/../lib/gcc/arm-none-eabi/7.3.1/../../../../arm-none-eabi/lib/thumb/v6-m\libc.a(lib_a-init.o)
                              c:/ac6/systemworkbench/plugins/fr.ac6.mcu.externaltools.arm-none.win32_1.17.0.201812190825/tools/compiler/bin/../lib/gcc/arm-none-eabi/7.3.1/../../../../arm-none-eabi/lib/thumb/v6-m/crt0.o (__libc_init_array)
c:/ac6/systemworkbench/plugins/fr.ac6.mcu.externaltools.arm-none.win32_1.17.0.201812190825/tools/compiler/bin/../lib/gcc/arm-none-eabi/7.3.1/../../../../arm-none-eabi/lib/thumb/v6-m\libc.a(lib_a-memset.o)
                              c:/ac6/systemworkbench/plugins/fr.ac6.mcu.externaltools.arm-none.win32_1.17.0.201812190825/tools/compiler/bin/../lib/gcc/arm-none-eabi/7.3.1/../../../../arm-none-eabi/lib/thumb/v6-m/crt0.o (memset)
c:/ac6/systemworkbench/plugins/fr.ac6.mcu.externaltools.arm-none.win32_1.17.0.201812190825/tools/compiler/bin/../lib/gcc/arm-none-eabi/7.3.1/../../../../arm-none-eabi/lib/thumb/v6-m\libc.a(lib_a-__call_atexit.o)
                              c:/ac6/systemworkbench/plugins/fr.ac6.mcu.externaltools.arm-none.win32_1.17.0.201812190825/tools/compiler/bin/../lib/gcc/arm-none-eabi/7.3.1/../../../../arm-none-eabi/lib/thumb/v6-m\libc.a(lib_a-exit.o) (__call_exitprocs)
c:/ac6/systemworkbench/plugins/fr.ac6.mcu.externaltools.arm-none.win32_1.17.0.201812190825/tools/compiler/bin/../lib/gcc/arm-none-eabi/7.3.1/../../../../arm-none-eabi/lib/thumb/v6-m\libc.a(lib_a-atexit.o)
                              c:/ac6/systemworkbench/plugins/fr.ac6.mcu.externaltools.arm-none.win32_1.17.0.201812190825/tools/compiler/bin/../lib/gcc/arm-none-eabi/7.3.1/../../../../arm-none-eabi/lib/thumb/v6-m\libc.a(lib_a-__call_atexit.o) (atexit)
c:/ac6/systemworkbench/plugins/fr.ac6.mcu.externaltools.arm-none.win32_1.17.0.201812190825/tools/compiler/bin/../lib/gcc/arm-none-eabi/7.3.1/../../../../arm-none-eabi/lib/thumb/v6-m\libc.a(lib_a-fini.o)
                              c:/ac6/systemworkbench/plugins/fr.ac6.mcu.externaltools.arm-none.win32_1.17.0.201812190825/tools/compiler/bin/../lib/gcc/arm-none-eabi/7.3.1/../../../../arm-none-eabi/lib/thumb/v6-m\libc.a(lib_a-__call_atexit.o) (__libc_fini_array)
c:/ac6/systemworkbench/plugins/fr.ac6.mcu.externaltools.arm-none.win32_1.17.0.201812190825/tools/compiler/bin/../lib/gcc/arm-none-eabi/7.3.1/../../../../arm-none-eabi/lib/thumb/v6-m\libc.a(lib_a-lock.o)
                              c:/ac6/systemworkbench/plugins/fr.ac6.mcu.externaltools.arm-none.win32_1.17.0.201812190825/tools/compiler/bin/../lib/gcc/arm-none-eabi/7.3.1/../../../../arm-none-eabi/lib/thumb/v6-m\libc.a(lib_a-__call_atexit.o) (__retarget_lock_acquire_recursive)
c:/ac6/systemworkbench/plugins/fr.ac6.mcu.externaltools.arm-none.win32_1.17.0.201812190825/tools/compiler/bin/../lib/gcc/arm-none-eabi/7.3.1/../../../../arm-none-eabi/lib/thumb/v6-m\libc.a(lib_a-__atexit.o)
[...]
Memory Configuration

Name             Origin             Length             Attributes
RAM              0x20000000         0x00002000         xrw
ROM              0x08000000         0x00010000         xr
*default*        0x00000000         0xffffffff

Linker script and memory map

LOAD c:/ac6/systemworkbench/plugins/fr.ac6.mcu.externaltools.arm-none.win32_1.17.0.201812190825/tools/compiler/bin/../lib/gcc/arm-none-eabi/7.3.1/thumb/v6-m/crti.o
LOAD c:/ac6/systemworkbench/plugins/fr.ac6.mcu.externaltools.arm-none.win32_1.17.0.201812190825/tools/compiler/bin/../lib/gcc/arm-none-eabi/7.3.1/thumb/v6-m/crtbegin.o
LOAD c:/ac6/systemworkbench/plugins/fr.ac6.mcu.externaltools.arm-none.win32_1.17.0.201812190825/tools/compiler/bin/../lib/gcc/arm-none-eabi/7.3.1/../../../../arm-none-eabi/lib/thumb/v6-m/crt0.o
LOAD StdPeriph_Driver/src/stm32f0xx_adc.o
LOAD StdPeriph_Driver/src/stm32f0xx_can.o
LOAD StdPeriph_Driver/src/stm32f0xx_cec.o
LOAD StdPeriph_Driver/src/stm32f0xx_comp.o
LOAD StdPeriph_Driver/src/stm32f0xx_crc.o
LOAD StdPeriph_Driver/src/stm32f0xx_crs.o
LOAD StdPeriph_Driver/src/stm32f0xx_dac.o
LOAD StdPeriph_Driver/src/stm32f0xx_dbgmcu.o
LOAD StdPeriph_Driver/src/stm32f0xx_dma.o
LOAD StdPeriph_Driver/src/stm32f0xx_exti.o
LOAD StdPeriph_Driver/src/stm32f0xx_flash.o
LOAD StdPeriph_Driver/src/stm32f0xx_gpio.o
LOAD StdPeriph_Driver/src/stm32f0xx_i2c.o
LOAD StdPeriph_Driver/src/stm32f0xx_iwdg.o
LOAD StdPeriph_Driver/src/stm32f0xx_misc.o
LOAD StdPeriph_Driver/src/stm32f0xx_pwr.o
LOAD StdPeriph_Driver/src/stm32f0xx_rcc.o
LOAD StdPeriph_Driver/src/stm32f0xx_rtc.o
LOAD StdPeriph_Driver/src/stm32f0xx_spi.o
LOAD StdPeriph_Driver/src/stm32f0xx_syscfg.o
LOAD StdPeriph_Driver/src/stm32f0xx_tim.o
LOAD StdPeriph_Driver/src/stm32f0xx_usart.o
LOAD StdPeriph_Driver/src/stm32f0xx_wwdg.o
LOAD src/EEPROME.o
LOAD src/ENCODERS.o
LOAD src/I2C_FUNC.o
LOAD src/LCD1602A_KS0066.o
LOAD src/MENU.o
LOAD src/RDA5807M.o
LOAD src/RDS.o
LOAD src/UART_MY.o
LOAD src/configuration.o
LOAD src/main.o
LOAD src/syscalls.o
LOAD src/system_stm32f0xx.o
LOAD startup/startup_stm32.o
LOAD c:/ac6/systemworkbench/plugins/fr.ac6.mcu.externaltools.arm-none.win32_1.17.0.201812190825/tools/compiler/bin/../lib/gcc/arm-none-eabi/7.3.1/../../../../arm-none-eabi/lib/thumb/v6-m\libm.a
START GROUP
LOAD c:/ac6/systemworkbench/plugins/fr.ac6.mcu.externaltools.arm-none.win32_1.17.0.201812190825/tools/compiler/bin/../lib/gcc/arm-none-eabi/7.3.1/thumb/v6-m\libgcc.a
LOAD c:/ac6/systemworkbench/plugins/fr.ac6.mcu.externaltools.arm-none.win32_1.17.0.201812190825/tools/compiler/bin/../lib/gcc/arm-none-eabi/7.3.1/../../../../arm-none-eabi/lib/thumb/v6-m\libc.a
END GROUP
LOAD c:/ac6/systemworkbench/plugins/fr.ac6.mcu.externaltools.arm-none.win32_1.17.0.201812190825/tools/compiler/bin/../lib/gcc/arm-none-eabi/7.3.1/thumb/v6-m/crtend.o
LOAD c:/ac6/systemworkbench/plugins/fr.ac6.mcu.externaltools.arm-none.win32_1.17.0.201812190825/tools/compiler/bin/../lib/gcc/arm-none-eabi/7.3.1/thumb/v6-m/crtn.o
                0x20002000                _estack = 0x20002000
                0x00000000                _Min_Heap_Size = 0x0
                0x00000400                _Min_Stack_Size = 0x400

.isr_vector     0x08000000       0xc0
                0x08000000                . = ALIGN (0x4)
 *(.isr_vector)
 .isr_vector    0x08000000       0xc0 startup/startup_stm32.o
                0x08000000                g_pfnVectors
                0x080000c0                . = ALIGN (0x4)

.text           0x080000c0     0x3e90
                0x080000c0                . = ALIGN (0x4)
 *(.text)
 .text          0x080000c0       0x48 c:/ac6/systemworkbench/plugins/fr.ac6.mcu.externaltools.arm-none.win32_1.17.0.201812190825/tools/compiler/bin/../lib/gcc/arm-none-eabi/7.3.1/thumb/v6-m/crtbegin.o
 .text          0x08000108      0x114 c:/ac6/systemworkbench/plugins/fr.ac6.mcu.externaltools.arm-none.win32_1.17.0.201812190825/tools/compiler/bin/../lib/gcc/arm-none-eabi/7.3.1/thumb/v6-m\libgcc.a(_udivsi3.o)
                0x08000108                __aeabi_uidiv
                0x08000108                __udivsi3
                0x08000214                __aeabi_uidivmod
 .text          0x0800021c        0x4 c:/ac6/systemworkbench/plugins/fr.ac6.mcu.externaltools.arm-none.win32_1.17.0.201812190825/tools/compiler/bin/../lib/gcc/arm-none-eabi/7.3.1/thumb/v6-m\libgcc.a(_dvmd_tls.o)
                0x0800021c                __aeabi_idiv0
                0x0800021c                __aeabi_ldiv0
 *(.text*)
 .text.EE_WR_FREQ_VOL
                0x08000220       0x6c src/EEPROME.o
                0x08000220                EE_WR_FREQ_VOL
 .text.EE_READ_FREQ_VOL
                0x0800028c       0x8c src/EEPROME.o
                0x0800028c                EE_READ_FREQ_VOL
 .text.EE_READ_WORK_TIME
                0x08000318       0x64 src/EEPROME.o
                0x08000318                EE_READ_WORK_TIME
 .text.EEPROME_INCREMENT_WORK_TIME
                0x0800037c       0x88 src/EEPROME.o
                0x0800037c                EEPROME_INCREMENT_WORK_TIME
 .text.EEPROME_CLEAR_DEFAULT
                0x08000404       0xbc src/EEPROME.o
                0x08000404                EEPROME_CLEAR_DEFAULT
 .text.PRINT_LCD_16B_HEX_DIGIT
                0x080004c0      0x124 src/EEPROME.o
                0x080004c0                PRINT_LCD_16B_HEX_DIGIT
 .text.ENCODER_VOLUME
                0x080005e4       0x5c src/ENCODERS.o
                0x080005e4                ENCODER_VOLUME
 .text.ENCODER_FREQ
                0x08000640       0x5c src/ENCODERS.o
                0x08000640                ENCODER_FREQ
 .text.VOLUME_BUTTON
                0x0800069c       0x22 src/ENCODERS.o
                0x0800069c                VOLUME_BUTTON
 *fill*         0x080006be        0x2 
 .text.FREQUENCY_BUTTON
                0x080006c0       0x24 src/ENCODERS.o
                0x080006c0                FREQUENCY_BUTTON
 .text.BUTTON   0x080006e4       0x2c src/ENCODERS.o
                0x080006e4                BUTTON
 .text.START_I2C
                0x08000710       0x50 src/I2C_FUNC.o
                0x08000710                START_I2C
 .text.TXB_I2C  0x08000760       0x80 src/I2C_FUNC.o
                0x08000760                TXB_I2C
 .text.STOP_I2C
                0x080007e0       0x54 src/I2C_FUNC.o
                0x080007e0                STOP_I2C
 .text.I2C_Read
                0x08000834      0x128 src/I2C_FUNC.o
                0x08000834                I2C_Read
 .text.TRANSMITH_COMMAND_KS0066
                0x0800095c      0x298 src/LCD1602A_KS0066.o
                0x0800095c                TRANSMITH_COMMAND_KS0066
 .text.TRANSMITH_DATA_KS0066
                0x08000bf4      0x248 src/LCD1602A_KS0066.o
                0x08000bf4                TRANSMITH_DATA_KS0066
 .text.INIT_LCD1602A_KS0066
                0x08000e3c      0x378 src/LCD1602A_KS0066.o
                0x08000e3c                INIT_LCD1602A_KS0066
 .text.InstallationCursor
                0x080011b4       0x70 src/LCD1602A_KS0066.o
                0x080011b4                InstallationCursor
 .text.PrintString
                0x08001224       0x54 src/LCD1602A_KS0066.o
                0x08001224                PrintString
 .text.Clear    0x08001278       0x34 src/LCD1602A_KS0066.o
                0x08001278                Clear
 .text.SYMBOL5x8_PROGRAM
                0x080012ac       0x62 src/LCD1602A_KS0066.o
                0x080012ac                SYMBOL5x8_PROGRAM
 *fill*         0x0800130e        0x2 
 .text.FREQ_SKALE
                0x08001310      0x184 src/LCD1602A_KS0066.o
                0x08001310                FREQ_SKALE
 .text.VOLUME_SKALE
                0x08001494      0x278 src/LCD1602A_KS0066.o
                0x08001494                VOLUME_SKALE
 .text.NVIC_EnableIRQ
                0x0800170c       0x2c src/MENU.o
 .text.NVIC_DisableIRQ
                0x08001738       0x30 src/MENU.o
 .text.MENU_STARTUP
                0x08001768      0x354 src/MENU.o
                0x08001768                MENU_STARTUP
 .text.MENU_FREQ_1
                0x08001abc       0xcc src/MENU.o
                0x08001abc                MENU_FREQ_1
 .text.MENU_VOLUME_1
                0x08001b88       0xb8 src/MENU.o
                0x08001b88                MENU_VOLUME_1
 .text.SEEK_COMPLETE
                0x08001c40      0x248 src/MENU.o
                0x08001c40                SEEK_COMPLETE
 .text.MENU_SEEK_1
                0x08001e88       0x30 src/MENU.o
                0x08001e88                MENU_SEEK_1
 .text.READ_LCD_WORK_TIME
                0x08001eb8      0x1ec src/MENU.o
                0x08001eb8                READ_LCD_WORK_TIME
 .text.NVIC_EnableIRQ
                0x080020a4       0x2c src/RDA5807M.o
 .text.NVIC_DisableIRQ
                0x080020d0       0x30 src/RDA5807M.o
 .text.CONFIG_RDA5807M
                0x08002100      0x124 src/RDA5807M.o
                0x08002100                CONFIG_RDA5807M
 .text.READ_ALL_REGISTER_RDA5807M
                0x08002224      0x138 src/RDA5807M.o
                0x08002224                READ_ALL_REGISTER_RDA5807M
 .text.FREQ_TUNE_SET
                0x0800235c      0x258 src/RDA5807M.o
                0x0800235c                FREQ_TUNE_SET
 .text.VOLUME_RDA5807M
                0x080025b4       0xec src/RDA5807M.o
                0x080025b4                VOLUME_RDA5807M
 .text.LCD_RSSI_ST_FMTRUE
                0x080026a0      0x370 src/RDA5807M.o
                0x080026a0                LCD_RSSI_ST_FMTRUE
 .text.VALID_SYMBOL_ISO646
                0x08002a10      0x194 src/RDA5807M.o
                0x08002a10                VALID_SYMBOL_ISO646
 .text.RDS_DECODE
                0x08002ba4      0x440 src/RDA5807M.o
                0x08002ba4                RDS_DECODE
 .text.USART2_IRQHandler
                0x08002fe4      0x228 src/UART_MY.o
                0x08002fe4                USART2_IRQHandler
 .text.NVIC_SetPriority
                0x0800320c       0xdc src/configuration.o
 .text.configuration
                0x080032e8      0x4f4 src/configuration.o
                0x080032e8                configuration
 .text.NVIC_EnableIRQ
                0x080037dc       0x2c src/main.o
 .text.NVIC_DisableIRQ
                0x08003808       0x30 src/main.o
 .text.main     0x08003838      0x24c src/main.o
                0x08003838                main
 .text.TIM15_IRQHandler
                0x08003a84       0xb8 src/main.o
                0x08003a84                TIM15_IRQHandler
 .text.SystemInit
                0x08003b3c       0x8c src/system_stm32f0xx.o
                0x08003b3c                SystemInit
 .text.SetSysClock
                0x08003bc8       0xe0 src/system_stm32f0xx.o
 .text.Reset_Handler
                0x08003ca8       0x50 startup/startup_stm32.o
                0x08003ca8                Reset_Handler
 .text.Default_Handler
                0x08003cf8        0x2 startup/startup_stm32.o
                0x08003cf8                TIM1_CC_IRQHandler
                0x08003cf8                HardFault_Handler
                0x08003cf8                TIM6_IRQHandler
                0x08003cf8                SysTick_Handler
                0x08003cf8                PVD_IRQHandler
                0x08003cf8                PendSV_Handler
                0x08003cf8                NMI_Handler
                0x08003cf8                I2C1_IRQHandler
                0x08003cf8                SPI1_IRQHandler
                0x08003cf8                EXTI2_3_IRQHandler
                0x08003cf8                I2C2_IRQHandler
                0x08003cf8                TIM17_IRQHandler
                0x08003cf8                RTC_IRQHandler
                0x08003cf8                TIM16_IRQHandler
                0x08003cf8                TIM3_IRQHandler
                0x08003cf8                EXTI4_15_IRQHandler
                0x08003cf8                RCC_IRQHandler
                0x08003cf8                Default_Handler
                0x08003cf8                TIM14_IRQHandler
                0x08003cf8                ADC_IRQHandler
                0x08003cf8                DMA1_CH2_3_IRQHandler
                0x08003cf8                EXTI0_1_IRQHandler
                0x08003cf8                USB_IRQHandler
                0x08003cf8                SPI2_IRQHandler
                0x08003cf8                DMA1_CH1_IRQHandler
                0x08003cf8                SVC_Handler
                0x08003cf8                DMA1_CH4_5_IRQHandler
                0x08003cf8                WWDG_IRQHandler
                0x08003cf8                FLASH_IRQHandler
                0x08003cf8                USART1_IRQHandler
                0x08003cf8                TIM1_BRK_UP_TRG_COM_IRQHandler
                0x08003cf8                USART3_4_5_6_IRQHandler
 *fill*         0x08003cfa        0x2 
 .text.__libc_init_array
                0x08003cfc       0x48 c:/ac6/systemworkbench/plugins/fr.ac6.mcu.externaltools.arm-none.win32_1.17.0.201812190825/tools/compiler/bin/../lib/gcc/arm-none-eabi/7.3.1/../../../../arm-none-eabi/lib/thumb/v6-m\libc.a(lib_a-init.o)
                0x08003cfc                __libc_init_array
 .text.memset   0x08003d44       0x9c c:/ac6/systemworkbench/plugins/fr.ac6.mcu.externaltools.arm-none.win32_1.17.0.201812190825/tools/compiler/bin/../lib/gcc/arm-none-eabi/7.3.1/../../../../arm-none-eabi/lib/thumb/v6-m\libc.a(lib_a-memset.o)
                0x08003d44                memset
 .text.startup.register_fini
                0x08003de0       0x18 c:/ac6/systemworkbench/plugins/fr.ac6.mcu.externaltools.arm-none.win32_1.17.0.201812190825/tools/compiler/bin/../lib/gcc/arm-none-eabi/7.3.1/../../../../arm-none-eabi/lib/thumb/v6-m\libc.a(lib_a-__call_atexit.o)
 .text.atexit   0x08003df8       0x10 c:/ac6/systemworkbench/plugins/fr.ac6.mcu.externaltools.arm-none.win32_1.17.0.201812190825/tools/compiler/bin/../lib/gcc/arm-none-eabi/7.3.1/../../../../arm-none-eabi/lib/thumb/v6-m\libc.a(lib_a-atexit.o)
                0x08003df8                atexit
 .text.__libc_fini_array
                0x08003e08       0x34 c:/ac6/systemworkbench/plugins/fr.ac6.mcu.externaltools.arm-none.win32_1.17.0.201812190825/tools/compiler/bin/../lib/gcc/arm-none-eabi/7.3.1/../../../../arm-none-eabi/lib/thumb/v6-m\libc.a(lib_a-fini.o)
                0x08003e08                __libc_fini_array
 .text.__retarget_lock_acquire_recursive
                0x08003e3c        0x4 c:/ac6/systemworkbench/plugins/fr.ac6.mcu.externaltools.arm-none.win32_1.17.0.201812190825/tools/compiler/bin/../lib/gcc/arm-none-eabi/7.3.1/../../../../arm-none-eabi/lib/thumb/v6-m\libc.a(lib_a-lock.o)
                0x08003e3c                __retarget_lock_acquire_recursive
 .text.__retarget_lock_release_recursive
                0x08003e40        0x4 c:/ac6/systemworkbench/plugins/fr.ac6.mcu.externaltools.arm-none.win32_1.17.0.201812190825/tools/compiler/bin/../lib/gcc/arm-none-eabi/7.3.1/../../../../arm-none-eabi/lib/thumb/v6-m\libc.a(lib_a-lock.o)
                0x08003e40                __retarget_lock_release_recursive
 .text.__register_exitproc
                0x08003e44       0xf4 c:/ac6/systemworkbench/plugins/fr.ac6.mcu.externaltools.arm-none.win32_1.17.0.201812190825/tools/compiler/bin/../lib/gcc/arm-none-eabi/7.3.1/../../../../arm-none-eabi/lib/thumb/v6-m\libc.a(lib_a-__atexit.o)
                0x08003e44                __register_exitproc
 *(.glue_7)
 .glue_7        0x08003f38        0x0 linker stubs
 *(.glue_7t)
 .glue_7t       0x08003f38        0x0 linker stubs
 *(.eh_frame)
 .eh_frame      0x08003f38        0x0 c:/ac6/systemworkbench/plugins/fr.ac6.mcu.externaltools.arm-none.win32_1.17.0.201812190825/tools/compiler/bin/../lib/gcc/arm-none-eabi/7.3.1/thumb/v6-m/crtbegin.o
 *(.init)
 .init          0x08003f38        0x4 c:/ac6/systemworkbench/plugins/fr.ac6.mcu.externaltools.arm-none.win32_1.17.0.201812190825/tools/compiler/bin/../lib/gcc/arm-none-eabi/7.3.1/thumb/v6-m/crti.o
                0x08003f38                _init
 .init          0x08003f3c        0x8 c:/ac6/systemworkbench/plugins/fr.ac6.mcu.externaltools.arm-none.win32_1.17.0.201812190825/tools/compiler/bin/../lib/gcc/arm-none-eabi/7.3.1/thumb/v6-m/crtn.o
 *(.fini)
 .fini          0x08003f44        0x4 c:/ac6/systemworkbench/plugins/fr.ac6.mcu.externaltools.arm-none.win32_1.17.0.201812190825/tools/compiler/bin/../lib/gcc/arm-none-eabi/7.3.1/thumb/v6-m/crti.o
                0x08003f44                _fini
 .fini          0x08003f48        0x8 c:/ac6/systemworkbench/plugins/fr.ac6.mcu.externaltools.arm-none.win32_1.17.0.201812190825/tools/compiler/bin/../lib/gcc/arm-none-eabi/7.3.1/thumb/v6-m/crtn.o
                0x08003f50                . = ALIGN (0x4)
                0x08003f50                _etext = .

.vfp11_veneer   0x08003f50        0x0
 .vfp11_veneer  0x08003f50        0x0 linker stubs

.v4_bx          0x08003f50        0x0
 .v4_bx         0x08003f50        0x0 linker stubs

.iplt           0x08003f50        0x0
 .iplt          0x08003f50        0x0 c:/ac6/systemworkbench/plugins/fr.ac6.mcu.externaltools.arm-none.win32_1.17.0.201812190825/tools/compiler/bin/../lib/gcc/arm-none-eabi/7.3.1/thumb/v6-m/crtbegin.o

.rodata         0x08003f50      0x188
                0x08003f50                . = ALIGN (0x4)
 *(.rodata)
 .rodata        0x08003f50       0x21 src/EEPROME.o
 *fill*         0x08003f71        0x3 
 .rodata        0x08003f74       0xc0 src/LCD1602A_KS0066.o
 .rodata        0x08004034       0x75 src/MENU.o
 *fill*         0x080040a9        0x3 
 .rodata        0x080040ac       0x11 src/RDA5807M.o
 *fill*         0x080040bd        0x3 
 .rodata        0x080040c0       0x11 src/main.o
 *(.rodata*)
 *fill*         0x080040d1        0x3 
 .rodata._global_impure_ptr
                0x080040d4        0x4 c:/ac6/systemworkbench/plugins/fr.ac6.mcu.externaltools.arm-none.win32_1.17.0.201812190825/tools/compiler/bin/../lib/gcc/arm-none-eabi/7.3.1/../../../../arm-none-eabi/lib/thumb/v6-m\libc.a(lib_a-impure.o)
                0x080040d4                _global_impure_ptr
                0x080040d8                . = ALIGN (0x4)

.rel.dyn        0x080040d8        0x0
 .rel.iplt      0x080040d8        0x0 c:/ac6/systemworkbench/plugins/fr.ac6.mcu.externaltools.arm-none.win32_1.17.0.201812190825/tools/compiler/bin/../lib/gcc/arm-none-eabi/7.3.1/thumb/v6-m/crtbegin.o

.ARM.extab      0x080040d8        0x0
                0x080040d8                . = ALIGN (0x4)
 *(.ARM.extab* .gnu.linkonce.armextab.*)
                0x080040d8                . = ALIGN (0x4)

.ARM            0x080040d8        0x0
                0x080040d8                . = ALIGN (0x4)
                0x080040d8                __exidx_start = .
 *(.ARM.exidx*)
                0x080040d8                __exidx_end = .
                0x080040d8                . = ALIGN (0x4)

.preinit_array  0x080040d8        0x0
                0x080040d8                . = ALIGN (0x4)
                0x080040d8                PROVIDE (__preinit_array_start = .)
 *(.preinit_array*)
                0x080040d8                PROVIDE (__preinit_array_end = .)
                0x080040d8                . = ALIGN (0x4)

.init_array     0x080040d8        0x8
                0x080040d8                . = ALIGN (0x4)
                0x080040d8                PROVIDE (__init_array_start = .)
 *(SORT_BY_NAME(.init_array.*))
 .init_array.00000
                0x080040d8        0x4 c:/ac6/systemworkbench/plugins/fr.ac6.mcu.externaltools.arm-none.win32_1.17.0.201812190825/tools/compiler/bin/../lib/gcc/arm-none-eabi/7.3.1/../../../../arm-none-eabi/lib/thumb/v6-m\libc.a(lib_a-__call_atexit.o)
 *(.init_array*)
 .init_array    0x080040dc        0x4 c:/ac6/systemworkbench/plugins/fr.ac6.mcu.externaltools.arm-none.win32_1.17.0.201812190825/tools/compiler/bin/../lib/gcc/arm-none-eabi/7.3.1/thumb/v6-m/crtbegin.o
                0x080040e0                PROVIDE (__init_array_end = .)
                0x080040e0                . = ALIGN (0x4)

.fini_array     0x080040e0        0x4
                0x080040e0                . = ALIGN (0x4)
                0x080040e0                PROVIDE (__fini_array_start = .)
 *(SORT_BY_NAME(.fini_array.*))
 *(.fini_array*)
 .fini_array    0x080040e0        0x4 c:/ac6/systemworkbench/plugins/fr.ac6.mcu.externaltools.arm-none.win32_1.17.0.201812190825/tools/compiler/bin/../lib/gcc/arm-none-eabi/7.3.1/thumb/v6-m/crtbegin.o
                0x080040e4                PROVIDE (__fini_array_end = .)
                0x080040e4                . = ALIGN (0x4)
                0x080040e4                _sidata = LOADADDR (.data)

.data           0x20000000      0x42c load address 0x080040e4
                0x20000000                . = ALIGN (0x4)
                0x20000000                _sdata = .
 *(.data)
 *(.data*)
 .data.impure_data
                0x20000000      0x428 c:/ac6/systemworkbench/plugins/fr.ac6.mcu.externaltools.arm-none.win32_1.17.0.201812190825/tools/compiler/bin/../lib/gcc/arm-none-eabi/7.3.1/../../../../arm-none-eabi/lib/thumb/v6-m\libc.a(lib_a-impure.o)
 .data.__atexit_recursive_mutex
                0x20000428        0x4 c:/ac6/systemworkbench/plugins/fr.ac6.mcu.externaltools.arm-none.win32_1.17.0.201812190825/tools/compiler/bin/../lib/gcc/arm-none-eabi/7.3.1/../../../../arm-none-eabi/lib/thumb/v6-m\libc.a(lib_a-__call_atexit.o)
                0x20000428                __atexit_recursive_mutex
                0x2000042c                . = ALIGN (0x4)
                0x2000042c                _edata = .

.igot.plt       0x2000042c        0x0 load address 0x08004510
 .igot.plt      0x2000042c        0x0 c:/ac6/systemworkbench/plugins/fr.ac6.mcu.externaltools.arm-none.win32_1.17.0.201812190825/tools/compiler/bin/../lib/gcc/arm-none-eabi/7.3.1/thumb/v6-m/crtbegin.o
                0x2000042c                . = ALIGN (0x4)

.bss            0x2000042c      0x114 load address 0x08004510
                0x2000042c                _sbss = .
                0x2000042c                __bss_start__ = _sbss
 *(.bss)
 .bss           0x2000042c       0x1c c:/ac6/systemworkbench/plugins/fr.ac6.mcu.externaltools.arm-none.win32_1.17.0.201812190825/tools/compiler/bin/../lib/gcc/arm-none-eabi/7.3.1/thumb/v6-m/crtbegin.o
 *(.bss*)
 *(COMMON)
 COMMON         0x20000448        0x4 src/ENCODERS.o
                0x20000448                ENC_FREQ
                0x2000044a                ENC_VOL
 COMMON         0x2000044c       0x1c src/I2C_FUNC.o
                0x2000044c                BUF_READ_I2C
 COMMON         0x20000468        0xa src/MENU.o
                0x20000468                NUMF
                0x2000046a                FREQUENCY_RECEIVE
                0x2000046c                NUMV
                0x2000046e                NUM_F
                0x20000470                NUM_V
 COMMON         0x20000472       0x3c src/RDA5807M.o
                0x20000472                S3
                0x20000474                REG_B
                0x20000476                T2
                0x20000477                RDSR
                0x20000478                REG_3
                0x2000047a                ST
                0x2000047b                BLERB
                0x2000047c                T4
                0x2000047d                S8
                0x2000047e                REG_F
                0x20000480                S6
                0x20000482                REG_4
                0x20000484                FM_TRUE
                0x20000485                SF
                0x20000486                REG_5
                0x20000488                REG_7
                0x2000048a                REG_2
                0x2000048c                T5
                0x2000048d                FM_READY
                0x2000048e                S1
                0x2000048f                T3
                0x20000490                RSSI
                0x20000491                S7
                0x20000492                REG_D
                0x20000494                BLERA
                0x20000495                RDSS
                0x20000496                STC
                0x20000497                T7
                0x20000498                BAND
                0x20000499                T1
                0x2000049a                REG_C
                0x2000049c                T6
                0x2000049d                S4
                0x2000049e                REG_0
                0x200004a0                REG_A
                0x200004a2                S2
                0x200004a4                READCHAN
                0x200004a6                ABCD_E
                0x200004a7                S5
                0x200004a8                REG_E
                0x200004aa                REG_6
                0x200004ac                T8
                0x200004ad                COUNTER
 *fill*         0x200004ae        0x2 
 COMMON         0x200004b0       0x5e src/UART_MY.o
                0x200004b0                COUNT_DATA
                0x200004b1                ATTACH
                0x200004b4                RX_BUF
 *fill*         0x2000050e        0x2 
 COMMON         0x20000510        0xc src/main.o
                0x20000510                TIME
                0x20000512                FREQ_EE
                0x20000514                VOLUME_EE
                0x20000515                MENU
                0x20000518                LIC_OUT_MENU
 COMMON         0x2000051c       0x21 c:/ac6/systemworkbench/plugins/fr.ac6.mcu.externaltools.arm-none.win32_1.17.0.201812190825/tools/compiler/bin/../lib/gcc/arm-none-eabi/7.3.1/../../../../arm-none-eabi/lib/thumb/v6-m\libc.a(lib_a-lock.o)
                0x2000051c                __lock___atexit_recursive_mutex
                0x20000520                __lock___arc4random_mutex
                0x20000524                __lock___env_recursive_mutex
                0x20000528                __lock___sinit_recursive_mutex
                0x2000052c                __lock___malloc_recursive_mutex
                0x20000530                __lock___at_quick_exit_mutex
                0x20000534                __lock___dd_hash_mutex
                0x20000538                __lock___tz_mutex
                0x2000053c                __lock___sfp_recursive_mutex
                0x20000540                . = ALIGN (0x4)
 *fill*         0x2000053d        0x3 
                0x20000540                _ebss = .
                0x20000540                __bss_end__ = _ebss

._user_heap_stack
                0x20000540      0x400 load address 0x08004510
                0x20000540                . = ALIGN (0x8)
                0x20000540                PROVIDE (end = .)
                [!provide]                PROVIDE (_end = .)
                0x20000540                . = (. + _Min_Heap_Size)
                0x20000940                . = (. + _Min_Stack_Size)
 *fill*         0x20000540      0x400 
                0x20000940                . = ALIGN (0x8)

/DISCARD/
 libc.a(*)
 libm.a(*)
 libgcc.a(*)

.ARM.attributes
                0x00000000       0x28
 *(.ARM.attributes)
 .ARM.attributes
                0x00000000       0x1e c:/ac6/systemworkbench/plugins/fr.ac6.mcu.externaltools.arm-none.win32_1.17.0.201812190825/tools/compiler/bin/../lib/gcc/arm-none-eabi/7.3.1/thumb/v6-m/crti.o
 .ARM.attributes
                0x0000001e       0x2c c:/ac6/systemworkbench/plugins/fr.ac6.mcu.externaltools.arm-none.win32_1.17.0.201812190825/tools/compiler/bin/../lib/gcc/arm-none-eabi/7.3.1/thumb/v6-m/crtbegin.o
 .ARM.attributes
                0x0000004a       0x31 src/EEPROME.o
 .ARM.attributes
                0x0000007b       0x31 src/ENCODERS.o
 .ARM.attributes
                0x000000ac       0x31 src/I2C_FUNC.o
 .ARM.attributes
                0x000000dd       0x31 src/LCD1602A_KS0066.o
 .ARM.attributes
                0x0000010e       0x31 src/MENU.o
 .ARM.attributes
                0x0000013f       0x31 src/RDA5807M.o
 .ARM.attributes
                0x00000170       0x31 src/UART_MY.o
 .ARM.attributes
                0x000001a1       0x31 src/configuration.o
 .ARM.attributes
                0x000001d2       0x31 src/main.o
 .ARM.attributes
                0x00000203       0x31 src/system_stm32f0xx.o
 .ARM.attributes
                0x00000234       0x21 startup/startup_stm32.o
 .ARM.attributes
                0x00000255       0x1e c:/ac6/systemworkbench/plugins/fr.ac6.mcu.externaltools.arm-none.win32_1.17.0.201812190825/tools/compiler/bin/../lib/gcc/arm-none-eabi/7.3.1/thumb/v6-m\libgcc.a(_udivsi3.o)
 .ARM.attributes
                0x00000273       0x1e c:/ac6/systemworkbench/plugins/fr.ac6.mcu.externaltools.arm-none.win32_1.17.0.201812190825/tools/compiler/bin/../lib/gcc/arm-none-eabi/7.3.1/thumb/v6-m\libgcc.a(_dvmd_tls.o)
 .ARM.attributes
                0x00000291       0x2c c:/ac6/systemworkbench/plugins/fr.ac6.mcu.externaltools.arm-none.win32_1.17.0.201812190825/tools/compiler/bin/../lib/gcc/arm-none-eabi/7.3.1/../../../../arm-none-eabi/lib/thumb/v6-m\libc.a(lib_a-impure.o)
 .ARM.attributes
                0x000002bd       0x2c c:/ac6/systemworkbench/plugins/fr.ac6.mcu.externaltools.arm-none.win32_1.17.0.201812190825/tools/compiler/bin/../lib/gcc/arm-none-eabi/7.3.1/../../../../arm-none-eabi/lib/thumb/v6-m\libc.a(lib_a-init.o)
 .ARM.attributes
                0x000002e9       0x2c c:/ac6/systemworkbench/plugins/fr.ac6.mcu.externaltools.arm-none.win32_1.17.0.201812190825/tools/compiler/bin/../lib/gcc/arm-none-eabi/7.3.1/../../../../arm-none-eabi/lib/thumb/v6-m\libc.a(lib_a-memset.o)
 .ARM.attributes
                0x00000315       0x2c c:/ac6/systemworkbench/plugins/fr.ac6.mcu.externaltools.arm-none.win32_1.17.0.201812190825/tools/compiler/bin/../lib/gcc/arm-none-eabi/7.3.1/../../../../arm-none-eabi/lib/thumb/v6-m\libc.a(lib_a-__call_atexit.o)
 .ARM.attributes
                0x00000341       0x2c c:/ac6/systemworkbench/plugins/fr.ac6.mcu.externaltools.arm-none.win32_1.17.0.201812190825/tools/compiler/bin/../lib/gcc/arm-none-eabi/7.3.1/../../../../arm-none-eabi/lib/thumb/v6-m\libc.a(lib_a-atexit.o)
 .ARM.attributes
                0x0000036d       0x2c c:/ac6/systemworkbench/plugins/fr.ac6.mcu.externaltools.arm-none.win32_1.17.0.201812190825/tools/compiler/bin/../lib/gcc/arm-none-eabi/7.3.1/../../../../arm-none-eabi/lib/thumb/v6-m\libc.a(lib_a-fini.o)
 .ARM.attributes
                0x00000399       0x2c c:/ac6/systemworkbench/plugins/fr.ac6.mcu.externaltools.arm-none.win32_1.17.0.201812190825/tools/compiler/bin/../lib/gcc/arm-none-eabi/7.3.1/../../../../arm-none-eabi/lib/thumb/v6-m\libc.a(lib_a-lock.o)
 .ARM.attributes
                0x000003c5       0x2c c:/ac6/systemworkbench/plugins/fr.ac6.mcu.externaltools.arm-none.win32_1.17.0.201812190825/tools/compiler/bin/../lib/gcc/arm-none-eabi/7.3.1/../../../../arm-none-eabi/lib/thumb/v6-m\libc.a(lib_a-__atexit.o)
 .ARM.attributes
                0x000003f1       0x1e c:/ac6/systemworkbench/plugins/fr.ac6.mcu.externaltools.arm-none.win32_1.17.0.201812190825/tools/compiler/bin/../lib/gcc/arm-none-eabi/7.3.1/thumb/v6-m/crtn.o
OUTPUT(PRG_RDA5807m.elf elf32-littlearm)

.debug_info     0x00000000     0x7f84
 .debug_info    0x00000000      0xb63 src/EEPROME.o
 .debug_info    0x00000b63      0xc62 src/ENCODERS.o
 .debug_info    0x000017c5      0xac8 src/I2C_FUNC.o
 .debug_info    0x0000228d      0xcfe src/LCD1602A_KS0066.o
 .debug_info    0x00002f8b     0x1150 src/MENU.o
 .debug_info    0x000040db     0x109a src/RDA5807M.o
 .debug_info    0x00005175      0xbe5 src/UART_MY.o
 .debug_info    0x00005d5a     0x1095 src/configuration.o
 .debug_info    0x00006def      0xe6d src/main.o
 .debug_info    0x00007c5c      0x306 src/system_stm32f0xx.o
 .debug_info    0x00007f62       0x22 startup/startup_stm32.o

.debug_abbrev   0x00000000     0x179d
 .debug_abbrev  0x00000000      0x24a src/EEPROME.o
 .debug_abbrev  0x0000024a      0x218 src/ENCODERS.o
 .debug_abbrev  0x00000462      0x24a src/I2C_FUNC.o
 .debug_abbrev  0x000006ac      0x268 src/LCD1602A_KS0066.o
 .debug_abbrev  0x00000914      0x2fb src/MENU.o
 .debug_abbrev  0x00000c0f      0x31d src/RDA5807M.o
 .debug_abbrev  0x00000f2c      0x264 src/UART_MY.o
 .debug_abbrev  0x00001190      0x226 src/configuration.o
 .debug_abbrev  0x000013b6      0x27a src/main.o
 .debug_abbrev  0x00001630      0x15b src/system_stm32f0xx.o
 .debug_abbrev  0x0000178b       0x12 startup/startup_stm32.o

.debug_aranges  0x00000000      0x2e8
 .debug_aranges
                0x00000000       0x48 src/EEPROME.o
 .debug_aranges
                0x00000048       0x40 src/ENCODERS.o
 .debug_aranges
                0x00000088       0x40 src/I2C_FUNC.o
 .debug_aranges
                0x000000c8       0x60 src/LCD1602A_KS0066.o
 .debug_aranges
                0x00000128       0x58 src/MENU.o
 .debug_aranges
                0x00000180       0x68 src/RDA5807M.o
 .debug_aranges
                0x000001e8       0x48 src/UART_MY.o
 .debug_aranges
                0x00000230       0x28 src/configuration.o
 .debug_aranges
                0x00000258       0x38 src/main.o
 .debug_aranges
                0x00000290       0x30 src/system_stm32f0xx.o
 .debug_aranges
                0x000002c0       0x28 startup/startup_stm32.o

.debug_ranges   0x00000000      0x240
 .debug_ranges  0x00000000       0x38 src/EEPROME.o
 .debug_ranges  0x00000038       0x30 src/ENCODERS.o
 .debug_ranges  0x00000068       0x30 src/I2C_FUNC.o
 .debug_ranges  0x00000098       0x50 src/LCD1602A_KS0066.o
 .debug_ranges  0x000000e8       0x48 src/MENU.o
 .debug_ranges  0x00000130       0x58 src/RDA5807M.o
 .debug_ranges  0x00000188       0x38 src/UART_MY.o
 .debug_ranges  0x000001c0       0x18 src/configuration.o
 .debug_ranges  0x000001d8       0x28 src/main.o
 .debug_ranges  0x00000200       0x20 src/system_stm32f0xx.o
 .debug_ranges  0x00000220       0x20 startup/startup_stm32.o

.debug_macro    0x00000000     0x28b4
 .debug_macro   0x00000000      0x2f9 src/EEPROME.o
 .debug_macro   0x000002f9       0x5e src/EEPROME.o
 .debug_macro   0x00000357       0x18 src/EEPROME.o
 .debug_macro   0x0000036f       0x35 src/EEPROME.o
 .debug_macro   0x000003a4       0x34 src/EEPROME.o
 .debug_macro   0x000003d8       0x16 src/EEPROME.o
 .debug_macro   0x000003ee       0x97 src/EEPROME.o
 .debug_macro   0x00000485      0x330 src/EEPROME.o
 .debug_macro   0x000007b5       0xfd src/EEPROME.o
 .debug_macro   0x000008b2       0x10 src/EEPROME.o
 .debug_macro   0x000008c2       0x58 src/EEPROME.o
 .debug_macro   0x0000091a       0x1f src/EEPROME.o
 .debug_macro   0x00000939       0x43 src/EEPROME.o
 .debug_macro   0x0000097c       0x20 src/EEPROME.o
 .debug_macro   0x0000099c      0x18e src/EEPROME.o
 .debug_macro   0x00000b2a       0x10 src/EEPROME.o
 .debug_macro   0x00000b3a       0x1c src/EEPROME.o
 .debug_macro   0x00000b56       0x52 src/EEPROME.o
 .debug_macro   0x00000ba8       0x40 src/EEPROME.o
 .debug_macro   0x00000be8       0x10 src/EEPROME.o
 .debug_macro   0x00000bf8       0x40 src/EEPROME.o
 .debug_macro   0x00000c38       0xd7 src/EEPROME.o
 .debug_macro   0x00000d0f       0x1c src/EEPROME.o
 .debug_macro   0x00000d2b       0x3d src/EEPROME.o
 .debug_macro   0x00000d68       0x16 src/EEPROME.o
 .debug_macro   0x00000d7e      0x16f src/EEPROME.o
 .debug_macro   0x00000eed       0x64 src/EEPROME.o
 .debug_macro   0x00000f51      0x2f3 src/ENCODERS.o
 .debug_macro   0x00001244      0x2f3 src/I2C_FUNC.o
 .debug_macro   0x00001537      0x2f3 src/LCD1602A_KS0066.o
 .debug_macro   0x0000182a      0x335 src/MENU.o
 .debug_macro   0x00001b5f      0x2f3 src/RDA5807M.o
 .debug_macro   0x00001e52      0x2f3 src/UART_MY.o
 .debug_macro   0x00002145      0x2f3 src/configuration.o
 .debug_macro   0x00002438      0x2f3 src/main.o
 .debug_macro   0x0000272b      0x189 src/system_stm32f0xx.o

.debug_line     0x00000000     0x5635
 .debug_line    0x00000000      0x81a src/EEPROME.o
 .debug_line    0x0000081a      0x7a2 src/ENCODERS.o
 .debug_line    0x00000fbc      0x843 src/I2C_FUNC.o
 .debug_line    0x000017ff      0xae2 src/LCD1602A_KS0066.o
 .debug_line    0x000022e1      0x920 src/MENU.o
 .debug_line    0x00002c01      0xa5a src/RDA5807M.o
 .debug_line    0x0000365b      0x96f src/UART_MY.o
 .debug_line    0x00003fca      0x7b5 src/configuration.o
 .debug_line    0x0000477f      0x803 src/main.o
 .debug_line    0x00004f82      0x637 src/system_stm32f0xx.o
 .debug_line    0x000055b9       0x7c startup/startup_stm32.o

.debug_str      0x00000000    0x4f4a0
 .debug_str     0x00000000    0x4ea8c src/EEPROME.o
                              0x4ecd2 (size before relaxing)
 .debug_str     0x0004ea8c      0x112 src/ENCODERS.o
                              0x4ed14 (size before relaxing)
 .debug_str     0x0004eb9e       0xb0 src/I2C_FUNC.o
                              0x4ec41 (size before relaxing)
 .debug_str     0x0004ec4e       0xf7 src/LCD1602A_KS0066.o
                              0x4ed03 (size before relaxing)
 .debug_str     0x0004ed45      0x2f4 src/MENU.o
                              0x4f04b (size before relaxing)
 .debug_str     0x0004f039      0x148 src/RDA5807M.o
                              0x4ef53 (size before relaxing)
 .debug_str     0x0004f181      0x156 src/UART_MY.o
                              0x4ed24 (size before relaxing)
 .debug_str     0x0004f2d7       0xb2 src/configuration.o
                              0x4ef5c (size before relaxing)
 .debug_str     0x0004f389       0x36 src/main.o
                              0x4eeea (size before relaxing)
 .debug_str     0x0004f3bf       0xb8 src/system_stm32f0xx.o
                              0x4a9a7 (size before relaxing)
 .debug_str     0x0004f477       0x29 startup/startup_stm32.o
                                 0x62 (size before relaxing)

.comment        0x00000000       0x7f
 .comment       0x00000000       0x7f src/EEPROME.o
                                 0x80 (size before relaxing)
 .comment       0x0000007f       0x80 src/ENCODERS.o
 .comment       0x0000007f       0x80 src/I2C_FUNC.o
 .comment       0x0000007f       0x80 src/LCD1602A_KS0066.o
 .comment       0x0000007f       0x80 src/MENU.o
 .comment       0x0000007f       0x80 src/RDA5807M.o
 .comment       0x0000007f       0x80 src/UART_MY.o
 .comment       0x0000007f       0x80 src/configuration.o
 .comment       0x0000007f       0x80 src/main.o
 .comment       0x0000007f       0x80 src/system_stm32f0xx.o

.debug_frame    0x00000000      0x9e8
 .debug_frame   0x00000000       0xd0 src/EEPROME.o
 .debug_frame   0x000000d0       0xa4 src/ENCODERS.o
 .debug_frame   0x00000174       0xb4 src/I2C_FUNC.o
 .debug_frame   0x00000228      0x13c src/LCD1602A_KS0066.o
 .debug_frame   0x00000364      0x114 src/MENU.o
 .debug_frame   0x00000478      0x14c src/RDA5807M.o
 .debug_frame   0x000005c4       0xd0 src/UART_MY.o
 .debug_frame   0x00000694       0x4c src/configuration.o
 .debug_frame   0x000006e0       0x8c src/main.o
 .debug_frame   0x0000076c       0x6c src/system_stm32f0xx.o
 .debug_frame   0x000007d8       0x20 c:/ac6/systemworkbench/plugins/fr.ac6.mcu.externaltools.arm-none.win32_1.17.0.201812190825/tools/compiler/bin/../lib/gcc/arm-none-eabi/7.3.1/thumb/v6-m\libgcc.a(_udivsi3.o)
 .debug_frame   0x000007f8       0x2c c:/ac6/systemworkbench/plugins/fr.ac6.mcu.externaltools.arm-none.win32_1.17.0.201812190825/tools/compiler/bin/../lib/gcc/arm-none-eabi/7.3.1/../../../../arm-none-eabi/lib/thumb/v6-m\libc.a(lib_a-init.o)
 .debug_frame   0x00000824       0x30 c:/ac6/systemworkbench/plugins/fr.ac6.mcu.externaltools.arm-none.win32_1.17.0.201812190825/tools/compiler/bin/../lib/gcc/arm-none-eabi/7.3.1/../../../../arm-none-eabi/lib/thumb/v6-m\libc.a(lib_a-memset.o)
 .debug_frame   0x00000854       0x54 c:/ac6/systemworkbench/plugins/fr.ac6.mcu.externaltools.arm-none.win32_1.17.0.201812190825/tools/compiler/bin/../lib/gcc/arm-none-eabi/7.3.1/../../../../arm-none-eabi/lib/thumb/v6-m\libc.a(lib_a-__call_atexit.o)
 .debug_frame   0x000008a8       0x28 c:/ac6/systemworkbench/plugins/fr.ac6.mcu.externaltools.arm-none.win32_1.17.0.201812190825/tools/compiler/bin/../lib/gcc/arm-none-eabi/7.3.1/../../../../arm-none-eabi/lib/thumb/v6-m\libc.a(lib_a-atexit.o)
 .debug_frame   0x000008d0       0x2c c:/ac6/systemworkbench/plugins/fr.ac6.mcu.externaltools.arm-none.win32_1.17.0.201812190825/tools/compiler/bin/../lib/gcc/arm-none-eabi/7.3.1/../../../../arm-none-eabi/lib/thumb/v6-m\libc.a(lib_a-fini.o)
 .debug_frame   0x000008fc       0xb0 c:/ac6/systemworkbench/plugins/fr.ac6.mcu.externaltools.arm-none.win32_1.17.0.201812190825/tools/compiler/bin/../lib/gcc/arm-none-eabi/7.3.1/../../../../arm-none-eabi/lib/thumb/v6-m\libc.a(lib_a-lock.o)
 .debug_frame   0x000009ac       0x3c c:/ac6/systemworkbench/plugins/fr.ac6.mcu.externaltools.arm-none.win32_1.17.0.201812190825/tools/compiler/bin/../lib/gcc/arm-none-eabi/7.3.1/../../../../arm-none-eabi/lib/thumb/v6-m\libc.a(lib_a-__atexit.o)
